// Jest Snapshot v1, https://goo.gl/fbAQLP

exports[`AppComponent Should render 1`] = `
<div
  className="app"
>
  <Connect(BarsContainer) />
</div>
`;
