// Jest Snapshot v1, https://goo.gl/fbAQLP

exports[`App Should render 1`] = `
<Styled(Component)>
  <Styled(Text)>
    Hello world
  </Styled(Text)>
</Styled(Component)>
`;
