// Jest Snapshot v1, https://goo.gl/fbAQLP

exports[`AppComponent Should render 1`] = `
<Styled(Component)>
  <Connect(BarsContainer) />
</Styled(Component)>
`;
